npm warn Unknown env config "http-proxy". This will stop working in the next major version of npm.

> syezzhaem-r1-front@1.0.0 build
> tsc --noEmit && node scripts/build.mjs

vite v8.3.2 building client environment for production...
transforming...
✓ 540 modules transformed.
rendering chunks...
computing gzip size...
dist/index.html                                          12.49 kB │ gzip:   4.13 kB
dist/assets/index-CAGl-FhI.css                           12.28 kB │ gzip:   3.57 kB
dist/assets/logDepthFragment-C5lxT4l1.js                  0.27 kB │ gzip:   0.22 kB
dist/assets/logDepthDeclaration-3gXGtHbI.js               0.27 kB │ gzip:   0.22 kB
dist/assets/logDepthDeclaration-DYYUVTrx.js               0.28 kB │ gzip:   0.22 kB
dist/assets/logDepthVertex-D5IUM6qd.js                    0.30 kB │ gzip:   0.24 kB
dist/assets/logDepthFragment-CxtJswLx.js                  0.31 kB │ gzip:   0.24 kB
dist/assets/logDepthVertex-DSD5XdGw.js                    0.37 kB │ gzip:   0.26 kB
dist/assets/postprocess.vertex-DJCmMhI8.js                0.46 kB │ gzip:   0.30 kB
dist/assets/shaderStore-D-XQlhUT.js                       0.46 kB │ gzip:   0.17 kB
dist/assets/rgbdDecode.fragment-Cdz2Tveq.js               0.52 kB │ gzip:   0.34 kB
dist/assets/postprocess.vertex-CmVXXq2T.js                0.58 kB │ gzip:   0.35 kB
dist/assets/math.scalar.functions-Bg-lysIT.js             0.59 kB │ gzip:   0.32 kB
dist/assets/meshUboDeclaration-DYEo1Glw.js                0.65 kB │ gzip:   0.35 kB
dist/assets/meshUboDeclaration-ClF6XIke.js                0.65 kB │ gzip:   0.35 kB
dist/assets/rgbdDecode.fragment-DXl2fYur.js               0.66 kB │ gzip:   0.38 kB
dist/assets/line.fragment-UD6W273v.js                     0.79 kB │ gzip:   0.43 kB
dist/assets/line.fragment-D4dCPvXe.js                     0.80 kB │ gzip:   0.40 kB
dist/assets/color.fragment-CxH-oW8C.js                    0.92 kB │ gzip:   0.43 kB
dist/assets/mesh.vertexData.functions-CD4JOR2q.js         0.93 kB │ gzip:   0.48 kB
dist/assets/color.fragment-CbJP31yK.js                    1.03 kB │ gzip:   0.47 kB
dist/assets/fogFragment-CISE_m3s.js                       1.08 kB │ gzip:   0.49 kB
dist/assets/clipPlaneFragment-DVK0wgyZ.js                 1.17 kB │ gzip:   0.35 kB
dist/assets/fogFragment-EikOP4pH.js                       1.21 kB │ gzip:   0.54 kB
dist/assets/ddsTextureLoader-Btf_5ZSD.js                  1.25 kB │ gzip:   0.62 kB
dist/assets/clipPlaneFragment-Ct2VqHzk.js                 1.27 kB │ gzip:   0.37 kB
dist/assets/mainUVVaryingDeclaration-CTlfbA_R.js          1.39 kB │ gzip:   0.61 kB
dist/assets/color.vertex-CvWKZzUm.js                      1.40 kB │ gzip:   0.62 kB
dist/assets/color.vertex-BiQ1lP0O.js                      1.46 kB │ gzip:   0.63 kB
dist/assets/mainUVVaryingDeclaration-ChyZ6Z3l.js          1.76 kB │ gzip:   0.59 kB
dist/assets/logger-CuBYPcDK.js                            1.88 kB │ gzip:   0.82 kB
dist/assets/line.vertex-a4I3RZGk.js                       2.03 kB │ gzip:   0.82 kB
dist/assets/line.vertex-BpyCOgyr.js                       2.03 kB │ gzip:   0.79 kB
dist/assets/hdrTextureLoader-BQVwkxK1.js                  2.31 kB │ gzip:   1.13 kB
dist/assets/iesTextureLoader-yfE-bnpW.js                  2.47 kB │ gzip:   1.08 kB
dist/assets/clipPlaneVertex-BM61qPGK.js                   2.87 kB │ gzip:   0.67 kB
dist/assets/tgaTextureLoader-CqhhocF6.js                  3.40 kB │ gzip:   1.35 kB
dist/assets/clipPlaneVertex-CSGdpMHE.js                   3.45 kB │ gzip:   0.75 kB
dist/assets/cubemapToSphericalPolynomial-Jxy5-oUz.js      3.65 kB │ gzip:   1.61 kB
dist/assets/halfFloat-CXxwV7oo.js                         4.87 kB │ gzip:   1.80 kB
dist/assets/helperFunctions-BH8P-eyq.js                   6.48 kB │ gzip:   2.18 kB
dist/assets/helperFunctions-gEnZbjN3.js                   6.81 kB │ gzip:   2.31 kB
dist/assets/dds.pure-CYNTpwIn.js                          6.93 kB │ gzip:   2.53 kB
dist/assets/vertexColorMixing-Oi12W95B.js                 7.58 kB │ gzip:   1.66 kB
dist/assets/vertexColorMixing-BN8YxQgk.js                 8.32 kB │ gzip:   1.64 kB
dist/assets/exrTextureLoader-BCG6axt2.js                 13.14 kB │ gzip:   4.81 kB
dist/assets/ktxTextureLoader-B0Qp4K4f.js                 16.40 kB │ gzip:   4.78 kB
dist/assets/bufferUtils-zULWnuFA.js                      17.72 kB │ gzip:   6.15 kB
dist/assets/default.vertex-tgJoMobm.js                   19.56 kB │ gzip:   4.34 kB
dist/assets/basisTextureLoader-852e2xzg.js               27.28 kB │ gzip:   8.15 kB
dist/assets/envTextureLoader-DNGnZzjA.js                 31.55 kB │ gzip:   8.89 kB
dist/assets/baseTexture.pure-Bf9pNWvP.js                 31.73 kB │ gzip:   8.65 kB
dist/assets/default.vertex-B-KuAT0c.js                   37.92 kB │ gzip:   6.24 kB
dist/assets/math.color.pure-u-edfeej.js                  77.34 kB │ gzip:  18.34 kB
dist/assets/default.fragment-D2cxPgcd.js                110.43 kB │ gzip:  22.54 kB
dist/assets/default.fragment-B9vBHCKc.js                115.17 kB │ gzip:  22.36 kB
dist/assets/index-B9pWZoX5.js                         1,110.83 kB │ gzip: 268.83 kB

[plugin builtin:vite-reporter] 
(!) Some chunks are larger than 500 kB after minification. Consider:
- Using dynamic import() to code-split the application
- Use build.rolldownOptions.output.codeSplitting to improve chunking: https://rolldown.rs/reference/OutputOptions.codeSplitting
- Adjust chunk size limit for this warning via build.chunkSizeWarningLimit.
✓ built in 1.04s
Release r2-route-001: 78 verified files
